
> Configure project :app
WARNING:Software Components will not be created automatically for Maven publishing from Android Gradle Plugin 8.0. To opt-in to the future behavior, set the Gradle property android.disableAutomaticComponentCreation=true in the `gradle.properties` file or use the new publishing DSL.

> Task :app:preBuild UP-TO-DATE
> Task :app:preReleaseBuild UP-TO-DATE
> Task :app:compileReleaseAidl NO-SOURCE
> Task :app:compileReleaseRenderscript NO-SOURCE
> Task :app:dataBindingMergeDependencyArtifactsRelease UP-TO-DATE
> Task :app:generateReleaseResValues UP-TO-DATE
> Task :app:generateReleaseResources UP-TO-DATE
> Task :app:packageReleaseResources UP-TO-DATE
> Task :app:parseReleaseLocalResources UP-TO-DATE
> Task :app:dataBindingGenBaseClassesRelease UP-TO-DATE
> Task :app:generateReleaseBuildConfig UP-TO-DATE
> Task :app:processReleaseManifest UP-TO-DATE
> Task :app:generateReleaseRFile UP-TO-DATE

> Task :app:compileReleaseKotlin
./gradlew : e: file:///C:/StudioProject/novacpaysdk/app/src/main/java/NovacCheckoutActivity.kt:7:26 Unresolved reference: compose
At line:1 char:1
+ ./gradlew :app:compileReleaseKotlin 2>&1 | Out-File -FilePath "build_ ...
+ ~~~~~~~~~~~~~~~~~~~~~~~~~~~~~~~~~~~~~~~~
    + CategoryInfo          : NotSpecified: (e: file:///C:/S...erence: compose:String) [], RemoteException
    + FullyQualifiedErrorId : NativeCommandError
 
e: file:///C:/StudioProject/novacpaysdk/app/src/main/java/NovacCheckoutActivity.kt:8:17 Unresolved reference: compose
e: file:///C:/StudioProject/novacpaysdk/app/src/main/java/NovacCheckoutActivity.kt:9:17 Unresolved reference: compose
e: file:///C:/StudioProject/novacpaysdk/app/src/main/java/NovacCheckoutActivity.kt:10:17 Unresolved reference: compose
e: file:///C:/StudioProject/novacpaysdk/app/src/main/java/NovacCheckoutActivity.kt:11:17 Unresolved reference: compose
e: file:///C:/StudioProject/novacpaysdk/app/src/main/java/NovacCheckoutActivity.kt:12:17 Unresolved reference: compose
e: file:///C:/StudioProject/novacpaysdk/app/src/main/java/NovacCheckoutActivity.kt:13:17 Unresolved reference: compose
e: file:///C:/StudioProject/novacpaysdk/app/src/main/java/NovacCheckoutActivity.kt:14:17 Unresolved reference: compose
e: file:///C:/StudioProject/novacpaysdk/app/src/main/java/NovacCheckoutActivity.kt:27:9 Unresolved reference: setContent
e: file:///C:/StudioProject/novacpaysdk/app/src/main/java/NovacCheckoutActivity.kt:33:8 Unresolved reference: ExperimentalMaterial3Api
e: file:///C:/StudioProject/novacpaysdk/app/src/main/java/NovacCheckoutActivity.kt:33:8 An annotation argument must be a compile-time constant
e: file:///C:/StudioProject/novacpaysdk/app/src/main/java/NovacCheckoutActivity.kt:34:2 Unresolved reference: Composable
e: file:///C:/StudioProject/novacpaysdk/app/src/main/java/NovacCheckoutActivity.kt:36:19 Unresolved reference: LocalContext
e: file:///C:/StudioProject/novacpaysdk/app/src/main/java/NovacCheckoutActivity.kt:37:26 Unresolved reference: rememberCoroutineScope
e: file:///C:/StudioProject/novacpaysdk/app/src/main/java/NovacCheckoutActivity.kt:39:22 Unresolved reference: remember
e: file:///C:/StudioProject/novacpaysdk/app/src/main/java/NovacCheckoutActivity.kt:39:33 Unresolved reference: mutableStateOf
e: file:///C:/StudioProject/novacpaysdk/app/src/main/java/NovacCheckoutActivity.kt:40:25 Unresolved reference: remember
e: file:///C:/StudioProject/novacpaysdk/app/src/main/java/NovacCheckoutActivity.kt:40:36 Unresolved reference: mutableStateOf
e: file:///C:/StudioProject/novacpaysdk/app/src/main/java/NovacCheckoutActivity.kt:43:32 Unresolved reference: remember
e: file:///C:/StudioProject/novacpaysdk/app/src/main/java/NovacCheckoutActivity.kt:46:18 Unresolved reference: remember
e: file:///C:/StudioProject/novacpaysdk/app/src/main/java/NovacCheckoutActivity.kt:49:20 Unresolved reference: remember
e: file:///C:/StudioProject/novacpaysdk/app/src/main/java/NovacCheckoutActivity.kt:52:25 Unresolved reference: remember
e: file:///C:/StudioProject/novacpaysdk/app/src/main/java/NovacCheckoutActivity.kt:55:29 Unresolved reference: remember
e: file:///C:/StudioProject/novacpaysdk/app/src/main/java/NovacCheckoutActivity.kt:58:28 Unresolved reference: remember
e: file:///C:/StudioProject/novacpaysdk/app/src/main/java/NovacCheckoutActivity.kt:61:25 Unresolved reference: remember
e: file:///C:/StudioProject/novacpaysdk/app/src/main/java/NovacCheckoutActivity.kt:66:29 Unresolved reference: remember
e: file:///C:/StudioProject/novacpaysdk/app/src/main/java/NovacCheckoutActivity.kt:92:5 Unresolved reference: LaunchedEffect
e: file:///C:/StudioProject/novacpaysdk/app/src/main/java/NovacCheckoutActivity.kt:161:36 Suspend function 'initiateCheckout' should be called only from a coroutine or another suspend function
e: file:///C:/StudioProject/novacpaysdk/app/src/main/java/NovacCheckoutActivity.kt:197:5 Unresolved reference: Scaffold
e: file:///C:/StudioProject/novacpaysdk/app/src/main/java/NovacCheckoutActivity.kt:197:18 Cannot infer a type for this parameter. Please specify it explicitly.
e: file:///C:/StudioProject/novacpaysdk/app/src/main/java/NovacCheckoutActivity.kt:198:9 Unresolved reference: Box
e: file:///C:/StudioProject/novacpaysdk/app/src/main/java/NovacCheckoutActivity.kt:199:24 Unresolved reference: Modifier
e: file:///C:/StudioProject/novacpaysdk/app/src/main/java/NovacCheckoutActivity.kt:206:21 Unresolved reference: Column
e: file:///C:/StudioProject/novacpaysdk/app/src/main/java/NovacCheckoutActivity.kt:207:36 Unresolved reference: Modifier
e: file:///C:/StudioProject/novacpaysdk/app/src/main/java/NovacCheckoutActivity.kt:208:47 Unresolved reference: Alignment
e: file:///C:/StudioProject/novacpaysdk/app/src/main/java/NovacCheckoutActivity.kt:209:47 Unresolved reference: Arrangement
e: file:///C:/StudioProject/novacpaysdk/app/src/main/java/NovacCheckoutActivity.kt:211:25 Unresolved reference: CircularProgressIndicator
e: file:///C:/StudioProject/novacpaysdk/app/src/main/java/NovacCheckoutActivity.kt:212:25 Unresolved reference: Spacer
e: file:///C:/StudioProject/novacpaysdk/app/src/main/java/NovacCheckoutActivity.kt:212:43 Unresolved reference: Modifier
e: file:///C:/StudioProject/novacpaysdk/app/src/main/java/NovacCheckoutActivity.kt:212:62 Unresolved reference: dp
e: file:///C:/StudioProject/novacpaysdk/app/src/main/java/NovacCheckoutActivity.kt:213:25 Unresolved reference: Text
e: file:///C:/StudioProject/novacpaysdk/app/src/main/java/NovacCheckoutActivity.kt:218:21 Unresolved reference: Column
e: file:///C:/StudioProject/novacpaysdk/app/src/main/java/NovacCheckoutActivity.kt:219:36 Unresolved reference: Modifier
e: file:///C:/StudioProject/novacpaysdk/app/src/main/java/NovacCheckoutActivity.kt:220:47 Unresolved reference: Alignment
e: file:///C:/StudioProject/novacpaysdk/app/src/main/java/NovacCheckoutActivity.kt:221:47 Unresolved reference: Arrangement
e: file:///C:/StudioProject/novacpaysdk/app/src/main/java/NovacCheckoutActivity.kt:223:25 Unresolved reference: Text
e: file:///C:/StudioProject/novacpaysdk/app/src/main/java/NovacCheckoutActivity.kt:225:37 Unresolved reference: MaterialTheme
e: file:///C:/StudioProject/novacpaysdk/app/src/main/java/NovacCheckoutActivity.kt:227:25 Unresolved reference: Spacer
e: file:///C:/StudioProject/novacpaysdk/app/src/main/java/NovacCheckoutActivity.kt:227:43 Unresolved reference: Modifier
e: file:///C:/StudioProject/novacpaysdk/app/src/main/java/NovacCheckoutActivity.kt:227:62 Unresolved reference: dp
e: file:///C:/StudioProject/novacpaysdk/app/src/main/java/NovacCheckoutActivity.kt:228:25 Unresolved reference: Text
e: file:///C:/StudioProject/novacpaysdk/app/src/main/java/NovacCheckoutActivity.kt:230:37 Unresolved reference: MaterialTheme
e: file:///C:/StudioProject/novacpaysdk/app/src/main/java/NovacCheckoutActivity.kt:232:25 Unresolved reference: Spacer
e: file:///C:/StudioProject/novacpaysdk/app/src/main/java/NovacCheckoutActivity.kt:232:43 Unresolved reference: Modifier
e: file:///C:/StudioProject/novacpaysdk/app/src/main/java/NovacCheckoutActivity.kt:232:62 Unresolved reference: dp
e: file:///C:/StudioProject/novacpaysdk/app/src/main/java/NovacCheckoutActivity.kt:233:25 Unresolved reference: Button
e: file:///C:/StudioProject/novacpaysdk/app/src/main/java/NovacCheckoutActivity.kt:236:29 Unresolved reference: Text
e: file:///C:/StudioProject/novacpaysdk/app/src/main/java/com/novacpaymen/paywithnovac_android_skd/MainActivity.kt:5:26 Unresolved reference: compose
e: file:///C:/StudioProject/novacpaysdk/app/src/main/java/com/novacpaymen/paywithnovac_android_skd/MainActivity.kt:6:26 Unresolved reference: enableEdgeToEdge
e: file:///C:/StudioProject/novacpaysdk/app/src/main/java/com/novacpaymen/paywithnovac_android_skd/MainActivity.kt:7:17 Unresolved reference: compose
e: file:///C:/StudioProject/novacpaysdk/app/src/main/java/com/novacpaymen/paywithnovac_android_skd/MainActivity.kt:8:17 Unresolved reference: compose
e: file:///C:/StudioProject/novacpaysdk/app/src/main/java/com/novacpaymen/paywithnovac_android_skd/MainActivity.kt:9:17 Unresolved reference: compose
e: file:///C:/StudioProject/novacpaysdk/app/src/main/java/com/novacpaymen/paywithnovac_android_skd/MainActivity.kt:10:17 Unresolved reference: compose
e: file:///C:/StudioProject/novacpaysdk/app/src/main/java/com/novacpaymen/paywithnovac_android_skd/MainActivity.kt:11:17 Unresolved reference: compose
e: file:///C:/StudioProject/novacpaysdk/app/src/main/java/com/novacpaymen/paywithnovac_android_skd/MainActivity.kt:12:17 Unresolved reference: compose
e: file:///C:/StudioProject/novacpaysdk/app/src/main/java/com/novacpaymen/paywithnovac_android_skd/MainActivity.kt:13:17 Unresolved reference: compose
e: file:///C:/StudioProject/novacpaysdk/app/src/main/java/com/novacpaymen/paywithnovac_android_skd/MainActivity.kt:19:9 Unresolved reference: enableEdgeToEdge
e: file:///C:/StudioProject/novacpaysdk/app/src/main/java/com/novacpaymen/paywithnovac_android_skd/MainActivity.kt:20:9 Unresolved reference: setContent
e: file:///C:/StudioProject/novacpaysdk/app/src/main/java/com/novacpaymen/paywithnovac_android_skd/MainActivity.kt:22:17 Unresolved reference: Scaffold
e: file:///C:/StudioProject/novacpaysdk/app/src/main/java/com/novacpaymen/paywithnovac_android_skd/MainActivity.kt:22:37 Unresolved reference: Modifier
e: file:///C:/StudioProject/novacpaysdk/app/src/main/java/com/novacpaymen/paywithnovac_android_skd/MainActivity.kt:22:63 Cannot infer a type for this parameter. Please specify it explicitly.
e: file:///C:/StudioProject/novacpaysdk/app/src/main/java/com/novacpaymen/paywithnovac_android_skd/MainActivity.kt:25:36 Unresolved reference: Modifier
e: file:///C:/StudioProject/novacpaysdk/app/src/main/java/com/novacpaymen/paywithnovac_android_skd/MainActivity.kt:33:2 Unresolved reference: Composable
e: file:///C:/StudioProject/novacpaysdk/app/src/main/java/com/novacpaymen/paywithnovac_android_skd/MainActivity.kt:34:38 Unresolved reference: Modifier
e: file:///C:/StudioProject/novacpaysdk/app/src/main/java/com/novacpaymen/paywithnovac_android_skd/MainActivity.kt:34:49 Unresolved reference: Modifier
e: file:///C:/StudioProject/novacpaysdk/app/src/main/java/com/novacpaymen/paywithnovac_android_skd/MainActivity.kt:35:5 Unresolved reference: Text
e: file:///C:/StudioProject/novacpaysdk/app/src/main/java/com/novacpaymen/paywithnovac_android_skd/MainActivity.kt:41:2 Unresolved reference: Preview
e: file:///C:/StudioProject/novacpaysdk/app/src/main/java/com/novacpaymen/paywithnovac_android_skd/MainActivity.kt:42:2 Unresolved reference: Composable
e: file:///C:/StudioProject/novacpaysdk/app/src/main/java/com/novacpaymen/paywithnovac_android_skd/ui/theme/Color.kt:3:17 Unresolved reference: compose
e: file:///C:/StudioProject/novacpaysdk/app/src/main/java/com/novacpaymen/paywithnovac_android_skd/ui/theme/Color.kt:5:16 Unresolved reference: Color
e: file:///C:/StudioProject/novacpaysdk/app/src/main/java/com/novacpaymen/paywithnovac_android_skd/ui/theme/Color.kt:6:20 Unresolved reference: Color
e: file:///C:/StudioProject/novacpaysdk/app/src/main/java/com/novacpaymen/paywithnovac_android_skd/ui/theme/Color.kt:7:14 Unresolved reference: Color
e: file:///C:/StudioProject/novacpaysdk/app/src/main/java/com/novacpaymen/paywithnovac_android_skd/ui/theme/Color.kt:9:16 Unresolved reference: Color
e: file:///C:/StudioProject/novacpaysdk/app/src/main/java/com/novacpaymen/paywithnovac_android_skd/ui/theme/Color.kt:10:20 Unresolved reference: Color
e: file:///C:/StudioProject/novacpaysdk/app/src/main/java/com/novacpaymen/paywithnovac_android_skd/ui/theme/Color.kt:11:14 Unresolved reference: Color
e: file:///C:/StudioProject/novacpaysdk/app/src/main/java/com/novacpaymen/paywithnovac_android_skd/ui/theme/Theme.kt:5:17 Unresolved reference: compose
e: file:///C:/StudioProject/novacpaysdk/app/src/main/java/com/novacpaymen/paywithnovac_android_skd/ui/theme/Theme.kt:6:17 Unresolved reference: compose
e: file:///C:/StudioProject/novacpaysdk/app/src/main/java/com/novacpaymen/paywithnovac_android_skd/ui/theme/Theme.kt:7:17 Unresolved reference: compose
e: file:///C:/StudioProject/novacpaysdk/app/src/main/java/com/novacpaymen/paywithnovac_android_skd/ui/theme/Theme.kt:8:17 Unresolved reference: compose
e: file:///C:/StudioProject/novacpaysdk/app/src/main/java/com/novacpaymen/paywithnovac_android_skd/ui/theme/Theme.kt:9:17 Unresolved reference: compose
e: file:///C:/StudioProject/novacpaysdk/app/src/main/java/com/novacpaymen/paywithnovac_android_skd/ui/theme/Theme.kt:10:17 Unresolved reference: compose
e: file:///C:/StudioProject/novacpaysdk/app/src/main/java/com/novacpaymen/paywithnovac_android_skd/ui/theme/Theme.kt:11:17 Unresolved reference: compose
e: file:///C:/StudioProject/novacpaysdk/app/src/main/java/com/novacpaymen/paywithnovac_android_skd/ui/theme/Theme.kt:12:17 Unresolved reference: compose
e: file:///C:/StudioProject/novacpaysdk/app/src/main/java/com/novacpaymen/paywithnovac_android_skd/ui/theme/Theme.kt:14:31 Unresolved reference: darkColorScheme
e: file:///C:/StudioProject/novacpaysdk/app/src/main/java/com/novacpaymen/paywithnovac_android_skd/ui/theme/Theme.kt:20:32 Unresolved reference: lightColorScheme
e: file:///C:/StudioProject/novacpaysdk/app/src/main/java/com/novacpaymen/paywithnovac_android_skd/ui/theme/Theme.kt:36:2 Unresolved reference: Composable
e: file:///C:/StudioProject/novacpaysdk/app/src/main/java/com/novacpaymen/paywithnovac_android_skd/ui/theme/Theme.kt:38:26 Unresolved reference: isSystemInDarkTheme
e: file:///C:/StudioProject/novacpaysdk/app/src/main/java/com/novacpaymen/paywithnovac_android_skd/ui/theme/Theme.kt:41:15 Unresolved reference: Composable
e: file:///C:/StudioProject/novacpaysdk/app/src/main/java/com/novacpaymen/paywithnovac_android_skd/ui/theme/Theme.kt:45:27 Unresolved reference: LocalContext
e: file:///C:/StudioProject/novacpaysdk/app/src/main/java/com/novacpaymen/paywithnovac_android_skd/ui/theme/Theme.kt:46:28 Unresolved reference: dynamicDarkColorScheme
e: file:///C:/StudioProject/novacpaysdk/app/src/main/java/com/novacpaymen/paywithnovac_android_skd/ui/theme/Theme.kt:46:65 Unresolved reference: dynamicLightColorScheme
e: file:///C:/StudioProject/novacpaysdk/app/src/main/java/com/novacpaymen/paywithnovac_android_skd/ui/theme/Theme.kt:53:5 Unresolved reference: MaterialTheme
e: file:///C:/StudioProject/novacpaysdk/app/src/main/java/com/novacpaymen/paywithnovac_android_skd/ui/theme/Type.kt:3:17 Unresolved reference: compose
e: file:///C:/StudioProject/novacpaysdk/app/src/main/java/com/novacpaymen/paywithnovac_android_skd/ui/theme/Type.kt:4:17 Unresolved reference: compose
e: file:///C:/StudioProject/novacpaysdk/app/src/main/java/com/novacpaymen/paywithnovac_android_skd/ui/theme/Type.kt:5:17 Unresolved reference: compose
e: file:///C:/StudioProject/novacpaysdk/app/src/main/java/com/novacpaymen/paywithnovac_android_skd/ui/theme/Type.kt:6:17 Unresolved reference: compose
e: file:///C:/StudioProject/novacpaysdk/app/src/main/java/com/novacpaymen/paywithnovac_android_skd/ui/theme/Type.kt:7:17 Unresolved reference: compose
e: file:///C:/StudioProject/novacpaysdk/app/src/main/java/com/novacpaymen/paywithnovac_android_skd/ui/theme/Type.kt:10:18 Unresolved reference. None of the following candidates is applicable because of receiver type mismatch: 
public operator fun <T, R> DeepRecursiveFunction<TypeVariable(T), TypeVariable(R)>.invoke(value: TypeVariable(T)): TypeVariable(R) defined in kotlin
e: file:///C:/StudioProject/novacpaysdk/app/src/main/java/com/novacpaymen/paywithnovac_android_skd/ui/theme/Type.kt:11:17 Unresolved reference: TextStyle
e: file:///C:/StudioProject/novacpaysdk/app/src/main/java/com/novacpaymen/paywithnovac_android_skd/ui/theme/Type.kt:12:22 Unresolved reference: FontFamily
e: file:///C:/StudioProject/novacpaysdk/app/src/main/java/com/novacpaymen/paywithnovac_android_skd/ui/theme/Type.kt:13:22 Unresolved reference: FontWeight
e: file:///C:/StudioProject/novacpaysdk/app/src/main/java/com/novacpaymen/paywithnovac_android_skd/ui/theme/Type.kt:14:23 Unresolved reference: sp
e: file:///C:/StudioProject/novacpaysdk/app/src/main/java/com/novacpaymen/paywithnovac_android_skd/ui/theme/Type.kt:15:25 Unresolved reference: sp
e: file:///C:/StudioProject/novacpaysdk/app/src/main/java/com/novacpaymen/paywithnovac_android_skd/ui/theme/Type.kt:16:29 Unresolved reference: sp

> Task :app:compileReleaseKotlin FAILED
[Incubating] Problems report is available at: file:///C:/StudioProject/novacpaysdk/build/reports/problems/problems-report.html

FAILURE: Build failed with an exception.

* What went wrong:
Execution failed for task ':app:compileReleaseKotlin'.
> A failure occurred while executing org.jetbrains.kotlin.compilerRunner.GradleCompilerRunnerWithWorkers$GradleKotlinCompilerWorkAction
   > Compilation error. See log for more details

* Try:
> Run with --stacktrace option to get the stack trace.
> Run with --info or --debug option to get more log output.
> Run with --scan to get full insights.

Deprecated Gradle features were used in this build, making it incompatible with Gradle 9.0.

You can use '--warning-mode all' to show the individual deprecation warnings and determine if they come from your own scripts or plugins.

For more on this, please refer to https://docs.gradle.org/8.11.1/userguide/command_line_interface.html#sec:command_line_warnings in the Gradle documentation.
9 actionable tasks: 1 executed, 8 up-to-date
> Get more help at https://help.gradle.org.

BUILD FAILED in 14s
